🚀 Fixing missing brace in LayoutEditor.tsx...
✅ Inserted missing closing brace.
📄 Tail after fix:
        {/* Detail Modal */}
        {detailPost && <DetailModal post={detailPost} onClose={closeDetail} />}
      </div>
    </DndProvider>
  );
};
}
export default LayoutEditor;


📦 Building frontend...
npm warn Unknown global config "python". This will stop working in the next major version of npm. See `npm help npmrc` for supported config options.

> mr-douglas-gallery@0.0.0 build
> tsc && vite build

src/components/LayoutEditor.tsx(1021,1): error TS1005: '}' expected.
✅ Build succeeded.
📂 Copying to backend/public...
🔄 Restarting backend...
time="2026-07-29T17:34:50-04:00" level=warning msg="/home/owner/Documents/mrdouglas.org/mr-douglas-gallery/backend/docker-compose.yml: the attribute `version` is obsolete, it will be ignored, please remove it to avoid potential confusion"
 Container backend-backend-1 Stopping 
 Container backend-backend-1 Stopped 
 Container backend-backend-1 Removing 
 Container backend-backend-1 Removed 
 Network backend_default Removing 
 Network backend_default Removed 
time="2026-07-29T17:35:05-04:00" level=warning msg="/home/owner/Documents/mrdouglas.org/mr-douglas-gallery/backend/docker-compose.yml: the attribute `version` is obsolete, it will be ignored, please remove it to avoid potential confusion"
 Network backend_default Creating 
 Network backend_default Created 
 Container backend-backend-1 Creating 
 Container backend-backend-1 Created 
 Container backend-backend-1 Starting 
 Container backend-backend-1 Started 
🌐 Checking live site for resize code...
📤 Adding log to git...
