📄 Using compose file: backend/docker-compose.yml
⏹️  Stopping containers...
time="2026-07-29T16:31:31-04:00" level=warning msg="/home/owner/Documents/mrdouglas.org/mr-douglas-gallery/backend/docker-compose.yml: the attribute `version` is obsolete, it will be ignored, please remove it to avoid potential confusion"
 Container backend-backend-1 Stopping 
 Container backend-backend-1 Stopped 
 Container backend-backend-1 Removing 
 Container backend-backend-1 Removed 
 Network backend_default Removing 
 Network backend_default Removed 

🔨 Rebuilding containers (--no-cache)...
time="2026-07-29T16:31:50-04:00" level=warning msg="/home/owner/Documents/mrdouglas.org/mr-douglas-gallery/backend/docker-compose.yml: the attribute `version` is obsolete, it will be ignored, please remove it to avoid potential confusion"
 Image backend-backend Building 
#1 [internal] load local bake definitions
#1 reading from stdin 604B done
#1 DONE 0.0s

#2 [internal] load build definition from Dockerfile
#2 transferring dockerfile:
#2 transferring dockerfile: 214B 0.0s done
#2 DONE 0.5s

#3 [internal] load metadata for docker.io/library/node:18-alpine
#3 DONE 2.1s

#4 [internal] load .dockerignore
#4 transferring context:
#4 transferring context: 2B done
#4 DONE 0.5s

#5 [internal] load build context
#5 transferring context: 443B 0.0s done
#5 DONE 1.1s

#6 [1/5] FROM docker.io/library/node:18-alpine@sha256:8d6421d663b4c28fd3ebc498332f249011d118945588d0a35cb9bc4b8ca09d9e
#6 resolve docker.io/library/node:18-alpine@sha256:8d6421d663b4c28fd3ebc498332f249011d118945588d0a35cb9bc4b8ca09d9e
#6 resolve docker.io/library/node:18-alpine@sha256:8d6421d663b4c28fd3ebc498332f249011d118945588d0a35cb9bc4b8ca09d9e 1.5s done
#6 DONE 1.7s

#7 [2/5] WORKDIR /app
#7 CACHED

#8 [3/5] COPY package*.json ./
#8 DONE 2.0s

#9 [4/5] RUN npm install
#9 21.96 npm warn deprecated prebuild-install@7.1.3: No longer maintained. Please contact the author of the relevant native addon; alternatives are available.
#9 36.48 
#9 36.48 added 183 packages, and audited 184 packages in 31s
#9 36.48 
#9 36.48 59 packages are looking for funding
#9 36.48   run `npm fund` for details
#9 36.49 
#9 36.49 1 high severity vulnerability
#9 36.49 
#9 36.49 To address all issues (including breaking changes), run:
#9 36.49   npm audit fix --force
#9 36.49 
#9 36.49 Run `npm audit` for details.
#9 36.49 npm notice
#9 36.49 npm notice New major version of npm available! 10.8.2 -> 12.0.1
#9 36.49 npm notice Changelog: https://github.com/npm/cli/releases/tag/v12.0.1
#9 36.49 npm notice To update run: npm install -g npm@12.0.1
#9 36.49 npm notice
#9 DONE 43.9s

#10 [5/5] COPY . .
#10 DONE 2.8s

#11 exporting to image
#11 exporting layers
#11 exporting layers 14.1s done
#11 exporting manifest sha256:8890ae0594e9791a48dc94aed210718fcac5a34a8dcdf16d945645cee84dae9f
#11 exporting manifest sha256:8890ae0594e9791a48dc94aed210718fcac5a34a8dcdf16d945645cee84dae9f 0.4s done
#11 exporting config sha256:3e40bff3386965a60c7c92d5507a4ccb525b30e7fed205391769177e0b29915e
#11 exporting config sha256:3e40bff3386965a60c7c92d5507a4ccb525b30e7fed205391769177e0b29915e 0.4s done
#11 exporting attestation manifest sha256:223aa8e36bbdaceaac424f796c9b2074f8edb064dde450591ab32213546456a5
#11 exporting attestation manifest sha256:223aa8e36bbdaceaac424f796c9b2074f8edb064dde450591ab32213546456a5 0.7s done
#11 exporting manifest list sha256:50244956459be6496c29277d676ad14cb67b26eebf0dc7955ba9d5f5535e7929
#11 exporting manifest list sha256:50244956459be6496c29277d676ad14cb67b26eebf0dc7955ba9d5f5535e7929 0.4s done
#11 naming to docker.io/library/backend-backend:latest
#11 naming to docker.io/library/backend-backend:latest 0.1s done
#11 unpacking to docker.io/library/backend-backend:latest
#11 unpacking to docker.io/library/backend-backend:latest 5.7s done
#11 DONE 22.4s

#12 resolving provenance for metadata file
#12 DONE 0.0s
 Image backend-backend Built 

▶️  Starting containers...
time="2026-07-29T16:33:13-04:00" level=warning msg="/home/owner/Documents/mrdouglas.org/mr-douglas-gallery/backend/docker-compose.yml: the attribute `version` is obsolete, it will be ignored, please remove it to avoid potential confusion"
 Network backend_default Creating 
 Network backend_default Created 
 Container backend-backend-1 Creating 
 Container backend-backend-1 Created 
 Container backend-backend-1 Starting 
 Container backend-backend-1 Started 

📋 Container logs (last 50 lines)...
time="2026-07-29T16:33:40-04:00" level=warning msg="/home/owner/Documents/mrdouglas.org/mr-douglas-gallery/backend/docker-compose.yml: the attribute `version` is obsolete, it will be ignored, please remove it to avoid potential confusion"
backend-1  | Backend running on port 3000

🔍 Checking frontend bundle for resize code...
⚠️  No frontend container – maybe service is named 'web' or 'app'.
🌐 Fetching live JS from http://localhost:3000 ...
⚠️  Could not find JS URL in index.html
📤 Adding log to git...
