🚀 Starting final fix (log: final_fix_20260729_173708.log)

📄 Exact tail of LayoutEditor.tsx (cat -A):
                      </div>$
                    );$
                  }$
                  return null;$
                })}$
              </div>$
            </DropZone>$
          </div>$
        </div>$
$
        {/* Detail Modal */}$
        {detailPost && <DetailModal post={detailPost} onClose={closeDetail} />}$
      </div>$
    </DndProvider>$
  );$
};$
}$
export default LayoutEditor;$
$
$

🔧 Running Python brace fixer...
✅ Inserted 1 line(s): ['}\n']

📄 Tail after fix:
                    );$
                  }$
                  return null;$
                })}$
              </div>$
            </DropZone>$
          </div>$
        </div>$
$
        {/* Detail Modal */}$
        {detailPost && <DetailModal post={detailPost} onClose={closeDetail} />}$
      </div>$
    </DndProvider>$
  );$
};$
}$
}$
export default LayoutEditor;$
$
$

📦 Building frontend...
npm warn Unknown global config "python". This will stop working in the next major version of npm. See `npm help npmrc` for supported config options.

> mr-douglas-gallery@0.0.0 build
> tsc && vite build

src/components/LayoutEditor.tsx(237,7): error TS2322: Type '({ posts, onBack }: { posts: Post[]; onBack: () => void; }) => void' is not assignable to type 'FC<{ posts: Post[]; onBack: () => void; }>'.
  Type 'void' is not assignable to type 'ReactNode'.
❌ Build failed with exit code 2.

⏭️  Skipping deployment due to build failure.

📤 Adding log to git...
