🚀 Starting fix and deploy (log: fix_deploy_20260729_172747.log)

📄 Error context (lines 1015-1025 of current LayoutEditor.tsx):
  );
};
export default LayoutEditor;



⚠️  Current file is identical to backup – no fix needed.

📦 Building frontend...
npm warn Unknown global config "python". This will stop working in the next major version of npm. See `npm help npmrc` for supported config options.

> mr-douglas-gallery@0.0.0 build
> tsc && vite build

src/components/LayoutEditor.tsx(1020,1): error TS1005: '}' expected.
✅ Build succeeded.

🔍 Checking built JS for resizeTargetId...
❌ RESIZE CODE NOT FOUND in frontend/dist/assets/index-c5S5ctIH.js

📂 Copying frontend/dist to backend/public...

🔄 Restarting backend...
time="2026-07-29T17:28:01-04:00" level=warning msg="/home/owner/Documents/mrdouglas.org/mr-douglas-gallery/backend/docker-compose.yml: the attribute `version` is obsolete, it will be ignored, please remove it to avoid potential confusion"
 Container backend-backend-1 Stopping 
 Container backend-backend-1 Stopped 
 Container backend-backend-1 Removing 
 Container backend-backend-1 Removed 
 Network backend_default Removing 
 Network backend_default Removed 
time="2026-07-29T17:28:20-04:00" level=warning msg="/home/owner/Documents/mrdouglas.org/mr-douglas-gallery/backend/docker-compose.yml: the attribute `version` is obsolete, it will be ignored, please remove it to avoid potential confusion"
 Network backend_default Creating 
 Network backend_default Created 
 Container backend-backend-1 Creating 
 Container backend-backend-1 Created 
 Container backend-backend-1 Starting 
 Container backend-backend-1 Started 

🌐 Fetching live JS from http://localhost:3000 ...
⚠️  Could not fetch http://localhost:3000 – maybe different port.

📤 Adding log to git...
