🚀 Fixing borderStyle (log: fix_borderstyle_20260729_192818.log)
📂 Backup: frontend/src/components/LayoutEditor.tsx.bak.20260729_192818
✅ Replaced image item block with borderStyle defined and unconditional handles.
📄 Diff of changes:
853a854
>     const borderStyle = isSelected ? `3px solid ${COLORS.primary}` : (item.borderWidth ? `${item.borderWidth}px solid ${item.borderColor || '#ccc'}` : 'none');
📤 Pushing changed LayoutEditor.tsx to GitHub...
📦 Building frontend...
npm warn Unknown global config "python". This will stop working in the next major version of npm. See `npm help npmrc` for supported config options.

> mr-douglas-gallery@0.0.0 build
> tsc && vite build

src/components/LayoutEditor.tsx(854,25): error TS2304: Cannot find name 'isSelected'.
📂 Deploying...
time="2026-07-29T19:28:25-04:00" level=warning msg="/home/owner/Documents/mrdouglas.org/mr-douglas-gallery/backend/docker-compose.yml: the attribute `version` is obsolete, it will be ignored, please remove it to avoid potential confusion"
 Container backend-backend-1 Stopping 
 Container backend-backend-1 Stopped 
 Container backend-backend-1 Removing 
 Container backend-backend-1 Removed 
 Network backend_default Removing 
 Network backend_default Removed 
time="2026-07-29T19:28:40-04:00" level=warning msg="/home/owner/Documents/mrdouglas.org/mr-douglas-gallery/backend/docker-compose.yml: the attribute `version` is obsolete, it will be ignored, please remove it to avoid potential confusion"
 Network backend_default Creating 
 Network backend_default Created 
 Container backend-backend-1 Creating 
 Container backend-backend-1 Created 
 Container backend-backend-1 Starting 
 Container backend-backend-1 Started 
🌐 Testing live site for handle CSS class...
❌ Resize handle CSS NOT found in served HTML.
