🚀 Fixing static path (log: fix_static_20260729_201830.log)
📂 Backup: backend/server.js.bak.20260729_201830
✅ Replaced static path with path.join(__dirname, "public").
📄 Updated server.js (relevant lines):
13:app.use('/media', express.static(process.env.MEDIA_ROOT || './media'));
14:app.use(express.static(path.join(__dirname, 'public')));
🔄 Rebuilding and restarting backend...
time="2026-07-29T20:18:30-04:00" level=warning msg="/home/owner/Documents/mrdouglas.org/mr-douglas-gallery/backend/docker-compose.yml: the attribute `version` is obsolete, it will be ignored, please remove it to avoid potential confusion"
 Container backend-backend-1 Stopping 
 Container backend-backend-1 Stopped 
 Container backend-backend-1 Removing 
 Container backend-backend-1 Removed 
 Network backend_default Removing 
 Network backend_default Removed 
time="2026-07-29T20:18:44-04:00" level=warning msg="/home/owner/Documents/mrdouglas.org/mr-douglas-gallery/backend/docker-compose.yml: the attribute `version` is obsolete, it will be ignored, please remove it to avoid potential confusion"
 Image backend-backend Building 
#1 [internal] load local bake definitions
#1 reading from stdin 580B done
#1 DONE 0.0s

#2 [internal] load build definition from Dockerfile
#2 transferring dockerfile:
#2 transferring dockerfile: 214B 0.0s done
#2 DONE 0.8s

#3 [internal] load metadata for docker.io/library/node:18-alpine
#3 DONE 2.0s

#4 [internal] load .dockerignore
#4 transferring context: 2B done
#4 DONE 0.4s

#5 [internal] load build context
#5 ...

#6 [1/5] FROM docker.io/library/node:18-alpine@sha256:8d6421d663b4c28fd3ebc498332f249011d118945588d0a35cb9bc4b8ca09d9e
#6 resolve docker.io/library/node:18-alpine@sha256:8d6421d663b4c28fd3ebc498332f249011d118945588d0a35cb9bc4b8ca09d9e 1.9s done
#6 DONE 2.1s

#5 [internal] load build context
#5 transferring context: 169.91MB 4.3s
#5 transferring context: 250.21MB 9.5s
#5 transferring context: 302.65MB 15.5s
#5 transferring context: 379.00MB 20.5s
#5 transferring context: 442.48MB 25.5s
#5 transferring context: 530.80MB 30.5s
#5 transferring context: 593.97MB 34.2s done
#5 DONE 40.7s

#7 [2/5] WORKDIR /app
#7 CACHED

#8 [3/5] COPY package*.json ./
#8 CACHED

#9 [4/5] RUN npm install
#9 CACHED

#10 [5/5] COPY . .
#10 DONE 42.8s

#11 exporting to image
#11 exporting layers
#11 exporting layers 84.2s done
#11 exporting manifest sha256:3bf5fd1118c6bfecd57163ac308a16b0aa4c30858ee950f8c0f9dc15552a7cfe
#11 exporting manifest sha256:3bf5fd1118c6bfecd57163ac308a16b0aa4c30858ee950f8c0f9dc15552a7cfe 0.4s done
#11 exporting config sha256:d2b68d697c6bd25289c7de9b7a1590323481da4f412edcd0565311ad8b2900a0
#11 exporting config sha256:d2b68d697c6bd25289c7de9b7a1590323481da4f412edcd0565311ad8b2900a0 0.4s done
#11 exporting attestation manifest sha256:3cda7686ed2cf882c9079b6f48ff5ec936dfe601d9d35ab58cfd4a33771222dc
#11 exporting attestation manifest sha256:3cda7686ed2cf882c9079b6f48ff5ec936dfe601d9d35ab58cfd4a33771222dc 0.9s done
#11 exporting manifest list sha256:5993c2657c9fce2d61cd132c0236df639f7b355bf2427baec43384305c6c0796
#11 exporting manifest list sha256:5993c2657c9fce2d61cd132c0236df639f7b355bf2427baec43384305c6c0796 0.5s done
#11 naming to docker.io/library/backend-backend:latest
#11 naming to docker.io/library/backend-backend:latest 0.1s done
#11 unpacking to docker.io/library/backend-backend:latest
#11 unpacking to docker.io/library/backend-backend:latest 17.6s done
#11 DONE 104.7s

#12 resolving provenance for metadata file
#12 DONE 0.0s
 Image backend-backend Built 
 Network backend_default Creating 
 Network backend_default Created 
 Container backend-backend-1 Creating 
 Container backend-backend-1 Created 
 Container backend-backend-1 Starting 
 Container backend-backend-1 Started 
🌐 Testing http://localhost:3000 ...
✅ index.html is served.
