🚀 Inserting handles into render loop (log: insert_final_20260729_203200.log)
📂 Backup: frontend/src/components/LayoutEditor.tsx.bak.20260729_203200
✅ Inserted unconditional handles into render loop.
📄 Snippet of modified inner block:
if (item.type === 'image' && item.post) {
    const imgUrl = item.post.thumbnail || item.post.media[0] || '';
    // Force isSelected to true so handles always show
    const isSelected = true;
    const borderStyle = isSelected ? `3px solid ${COLORS.primary}` : 'none';
    return (
      <div
     ...
📄 Diff of changes:
1130a1131,1135
>         {/* Unconditional resize handles */}
>         <div style={{ position: 'absolute', right: -6, bottom: -6, width: 12, height: 12, background: '#E1306C', border: '2px solid white', borderRadius: '2px', cursor: 'nwse-resize', zIndex: 10 }} />
>         <div style={{ position: 'absolute', left: -6, bottom: -6, width: 12, height: 12, background: '#E1306C', border: '2px solid white', borderRadius: '2px', cursor: 'nesw-resize', zIndex: 10 }} />
>         <div style={{ position: 'absolute', right: -6, top: -6, width: 12, height: 12, background: '#E1306C', border: '2px solid white', borderRadius: '2px', cursor: 'nesw-resize', zIndex: 10 }} />
>         <div style={{ position: 'absolute', left: -6, top: -6, width: 12, height: 12, background: '#E1306C', border: '2px solid white', borderRadius: '2px', cursor: 'nwse-resize', zIndex: 10 }} />
📦 Building frontend...
npm warn Unknown global config "python". This will stop working in the next major version of npm. See `npm help npmrc` for supported config options.

> mr-douglas-gallery@0.0.0 build
> tsc && vite build

vite v5.4.21 building for production...
transforming...
✓ 725 modules transformed.
rendering chunks...
computing gzip size...
dist/index.html                     0.67 kB │ gzip:   0.38 kB
dist/assets/index-CGwidwU3.css      0.15 kB │ gzip:   0.15 kB
dist/assets/index-BCK138bV.js   1,305.17 kB │ gzip: 358.45 kB

(!) Some chunks are larger than 500 kB after minification. Consider:
- Using dynamic import() to code-split the application
- Use build.rollupOptions.output.manualChunks to improve chunking: https://rollupjs.org/configuration-options/#output-manualchunks
- Adjust chunk size limit for this warning via build.chunkSizeWarningLimit.
✓ built in 13.74s
📂 Deploying...
time="2026-07-29T20:32:31-04:00" level=warning msg="/home/owner/Documents/mrdouglas.org/mr-douglas-gallery/backend/docker-compose.yml: the attribute `version` is obsolete, it will be ignored, please remove it to avoid potential confusion"
 Container backend-backend-1 Stopping 
 Container backend-backend-1 Stopped 
 Container backend-backend-1 Removing 
 Container backend-backend-1 Removed 
 Network backend_default Removing 
 Network backend_default Removed 
time="2026-07-29T20:32:49-04:00" level=warning msg="/home/owner/Documents/mrdouglas.org/mr-douglas-gallery/backend/docker-compose.yml: the attribute `version` is obsolete, it will be ignored, please remove it to avoid potential confusion"
 Network backend_default Creating 
 Network backend_default Created 
 Container backend-backend-1 Creating 
 Container backend-backend-1 Created 
 Container backend-backend-1 Starting 
 Container backend-backend-1 Started 
📸 Taking screenshot with Playwright...
BEWARE: your OS is not officially supported by Playwright; downloading fallback build for ubuntu24.04-x64.
BEWARE: your OS is not officially supported by Playwright; downloading fallback build for ubuntu24.04-x64.
BEWARE: your OS is not officially supported by Playwright; downloading fallback build for ubuntu24.04-x64.
SCREENSHOT=screenshot_final_20260729_203318.png
📸 Added screenshot: screenshot_final_20260729_203318.png
