🚀 Inserting handles into render loop (log: render_insert_20260729_195636.log)
📂 Backup: frontend/src/components/LayoutEditor.tsx.bak.20260729_195636
✅ Inserted handles into render loop.
📄 Modified block (first 200 chars): {items.map((item) => {
                  const isSelected = selectedItemId === item.id || selectedIds.has(item.postId);
                  const borderStyle = isSelected ? `3px solid ${COLORS.primary}`...
📄 Diff of changes:
1124a1125,1129
>         {/* Unconditional resize handles */}
>         <div style={{ position: 'absolute', right: -6, bottom: -6, width: 12, height: 12, background: '#E1306C', border: '2px solid white', borderRadius: '2px', cursor: 'nwse-resize', zIndex: 10 }} />
>         <div style={{ position: 'absolute', left: -6, bottom: -6, width: 12, height: 12, background: '#E1306C', border: '2px solid white', borderRadius: '2px', cursor: 'nesw-resize', zIndex: 10 }} />
>         <div style={{ position: 'absolute', right: -6, top: -6, width: 12, height: 12, background: '#E1306C', border: '2px solid white', borderRadius: '2px', cursor: 'nesw-resize', zIndex: 10 }} />
>         <div style={{ position: 'absolute', left: -6, top: -6, width: 12, height: 12, background: '#E1306C', border: '2px solid white', borderRadius: '2px', cursor: 'nwse-resize', zIndex: 10 }} />
📦 Building frontend...
npm warn Unknown global config "python". This will stop working in the next major version of npm. See `npm help npmrc` for supported config options.

> mr-douglas-gallery@0.0.0 build
> tsc && vite build

vite v5.4.21 building for production...
transforming...
✓ 725 modules transformed.
rendering chunks...
computing gzip size...
dist/index.html                     0.71 kB │ gzip:   0.39 kB
dist/assets/index-CGwidwU3.css      0.15 kB │ gzip:   0.15 kB
dist/assets/index-LhsdoACw.js   1,304.45 kB │ gzip: 358.44 kB

(!) Some chunks are larger than 500 kB after minification. Consider:
- Using dynamic import() to code-split the application
- Use build.rollupOptions.output.manualChunks to improve chunking: https://rollupjs.org/configuration-options/#output-manualchunks
- Adjust chunk size limit for this warning via build.chunkSizeWarningLimit.
✓ built in 12.71s
📂 Deploying...
time="2026-07-29T19:56:56-04:00" level=warning msg="/home/owner/Documents/mrdouglas.org/mr-douglas-gallery/backend/docker-compose.yml: the attribute `version` is obsolete, it will be ignored, please remove it to avoid potential confusion"
 Container backend-backend-1 Stopping 
 Container backend-backend-1 Stopped 
 Container backend-backend-1 Removing 
 Container backend-backend-1 Removed 
 Network backend_default Removing 
 Network backend_default Removed 
time="2026-07-29T19:57:10-04:00" level=warning msg="/home/owner/Documents/mrdouglas.org/mr-douglas-gallery/backend/docker-compose.yml: the attribute `version` is obsolete, it will be ignored, please remove it to avoid potential confusion"
 Network backend_default Creating 
 Network backend_default Created 
 Container backend-backend-1 Creating 
 Container backend-backend-1 Created 
 Container backend-backend-1 Starting 
 Container backend-backend-1 Started 
