🚀 Starting structural fix (log: structure_fix_20260729_180951.log)

📂 Backup: frontend/src/components/LayoutEditor.tsx.bak.20260729_180951
🔗 Reference: https://raw.githubusercontent.com/swipswaps/mr-douglas-gallery/main/debug/LayoutEditor_current_20260729_180951.tsx

Traceback (most recent call last):
  File "<string>", line 86, in <module>
    prev = lines[export_idx-1].strip()
           ~~~~~^^^^^^^^^^^^^^
IndexError: list index out of range
✅ Moved useEffect block.
📄 New tail (last 30 lines):
     1	                  } else if (item.type === 'text') {
     2	                    return (
     3	                      <div key={item.id} style={{ position: 'absolute', left: item.x, top: item.y, width: item.width, height: item.height, cursor: 'grab', border: borderStyle, background: item.backgroundColor || 'transparent', overflow: 'hidden', padding: '4px' }}
     4	                           onMouseDown={(e) => { e.stopPropagation(); onItemMouseDown(e, item.id); }}
     5	                           onDoubleClick={() => { const newText = prompt('Edit text:', item.text || ''); if (newText !== null) updateSelected({ text: newText }); }}>
     6	                        <div style={{ fontFamily: item.fontFamily || 'Arial', fontSize: item.fontSize || 24, color: item.color || '#ffffff', fontWeight: 'bold', width: '100%', height: '100%', display: 'flex', alignItems: 'center', justifyContent: 'center', textShadow: item.strokeWidth ? `0 0 ${item.strokeWidth}px ${item.strokeColor || '#000000'}` : 'none' }}>
     7	                          {item.text || 'Double-click to edit'}
     8	                        </div>
     9	                      </div>
    10	                    );
    11	                  }
    12	                  return null;
    13	                })}
    14	              </div>
    15	            </DropZone>
    16	          </div>
    17	        </div>
    18	
    19	        {/* Detail Modal */}
    20	        {detailPost && <DetailModal post={detailPost} onClose={closeDetail} />}
    21	      </div>
    22	    </DndProvider>
    23	  );
    24	};
    25	}
    26	}
    27	  );
    28	export default LayoutEditor;
    29	
    30	

📦 Building frontend...
npm warn Unknown global config "python". This will stop working in the next major version of npm. See `npm help npmrc` for supported config options.

> mr-douglas-gallery@0.0.0 build
> tsc && vite build

src/components/LayoutEditor.tsx(830,3): error TS1109: Expression expected.
src/components/LayoutEditor.tsx(1020,3): error TS1128: Declaration or statement expected.
❌ Build failed with exit code 2.

⏭️  Skipping deployment.
ℹ️  Restoring backup – manual edit required.
📤 Pushing log...
