🚀 Fixing all TypeScript errors (log: ts_all_20260729_174727.log)

📄 Current component structure (around return):
     1	      <span style={{ fontSize: '18px' }}>{icon}</span>
     2	      <span>{label}</span>
     3	    </button>
     4	  );
     5	};
     6	
     7	// ===== MAIN COMPONENT =====
     8	const LayoutEditor = ({ posts, onBack }: { posts: Post[]; onBack: () => void }) => {
     9	  // --- Load settings ---
    10	  const loadSettings = () => {
    11	    try {
    12	      const saved = localStorage.getItem(STORAGE_KEY);
    13	      if (saved) return JSON.parse(saved);
    14	    } catch (e) { /* ignore */ }
    15	    return {};
    16	  };
    17	  const saved = loadSettings();
    18	
    19	  // --- State ---
    20	  const [selectedIds, setSelectedIds] = useState<Set<string>>(new Set());
    21	  const [items, setItems] = useState<LayoutItem[]>([]);
    22	  const [dragTargetId, setDragTargetId] = useState<string | null>(null);
    23	  const [dragOffset, setDragOffset] = useState<{ x: number; y: number } | null>(null);
    24	  const [exportFormat, setExportFormat] = useState<'svg' | 'pdf' | 'png' | 'jpg'>('png');
    25	  const [dpi, setDpi] = useState<number>(saved.dpi || 300);
    26	  const [itemSize, setItemSize] = useState<number>(saved.itemSize || 200);
    27	  const [isExporting, setIsExporting] = useState(false);
    28	  const [selectedItemId, setSelectedItemId] = useState<string | null>(null);
    29	  const [showGrid, setShowGrid] = useState<boolean>(saved.showGrid || false);
    30	  const [gridSize, setGridSize] = useState<number>(saved.gridSize || 50);
    31	  const [backgroundColor, setBackgroundColor] = useState<string>(saved.backgroundColor || '#000000');

📄 Line 76 (destructured params):
const GridOverlay = ({ size, width, height }) => {$

ℹ️  Return statement already present.
⚠️  No changes made – manual review needed.

📄 Fixed component return area:
     1	      <span style={{ fontSize: '18px' }}>{icon}</span>
     2	      <span>{label}</span>
     3	    </button>
     4	  );
     5	};
     6	
     7	// ===== MAIN COMPONENT =====
     8	const LayoutEditor = ({ posts, onBack }: { posts: Post[]; onBack: () => void }) => {
     9	  // --- Load settings ---
    10	  const loadSettings = () => {
    11	    try {
    12	      const saved = localStorage.getItem(STORAGE_KEY);
    13	      if (saved) return JSON.parse(saved);
    14	    } catch (e) { /* ignore */ }
    15	    return {};
    16	  };
    17	  const saved = loadSettings();
    18	
    19	  // --- State ---
    20	  const [selectedIds, setSelectedIds] = useState<Set<string>>(new Set());
    21	  const [items, setItems] = useState<LayoutItem[]>([]);
    22	  const [dragTargetId, setDragTargetId] = useState<string | null>(null);
    23	  const [dragOffset, setDragOffset] = useState<{ x: number; y: number } | null>(null);
    24	  const [exportFormat, setExportFormat] = useState<'svg' | 'pdf' | 'png' | 'jpg'>('png');
    25	  const [dpi, setDpi] = useState<number>(saved.dpi || 300);
    26	  const [itemSize, setItemSize] = useState<number>(saved.itemSize || 200);
    27	  const [isExporting, setIsExporting] = useState(false);
    28	  const [selectedItemId, setSelectedItemId] = useState<string | null>(null);
    29	  const [showGrid, setShowGrid] = useState<boolean>(saved.showGrid || false);
    30	  const [gridSize, setGridSize] = useState<number>(saved.gridSize || 50);
    31	  const [backgroundColor, setBackgroundColor] = useState<string>(saved.backgroundColor || '#000000');

📄 Fixed line 76:
const GridOverlay = ({ size, width, height }) => {$

📦 Building frontend...
npm warn Unknown global config "python". This will stop working in the next major version of npm. See `npm help npmrc` for supported config options.

> mr-douglas-gallery@0.0.0 build
> tsc && vite build

src/App.tsx(56,61): error TS2786: 'LayoutEditor' cannot be used as a JSX component.
  Its type '({ posts, onBack }: { posts: Post[]; onBack: () => void; }) => void' is not a valid JSX element type.
    Type '({ posts, onBack }: { posts: Post[]; onBack: () => void; }) => void' is not assignable to type '(props: any, deprecatedLegacyContext?: any) => ReactNode'.
      Type 'void' is not assignable to type 'ReactNode'.
src/components/LayoutEditor.tsx(76,24): error TS7031: Binding element 'size' implicitly has an 'any' type.
src/components/LayoutEditor.tsx(76,30): error TS7031: Binding element 'width' implicitly has an 'any' type.
src/components/LayoutEditor.tsx(76,37): error TS7031: Binding element 'height' implicitly has an 'any' type.
❌ Build failed with exit code 2.

⏭️  Skipping deployment.
📤 Pushing log...
