🚀 Adding unconditional resize handles (log: unconditional_20260729_193909.log)
📂 Backup: frontend/src/components/LayoutEditor.tsx.bak.20260729_193909
✅ Replaced image block with unconditional handles.
📄 Diff of changes:
853,854d852
<     const isSelected = selectedItemId === item.id || selectedIds.has(item.postId);
<     const borderStyle = isSelected ? `3px solid ${COLORS.primary}` : (item.borderWidth ? `${item.borderWidth}px solid ${item.borderColor || '#ccc'}` : 'none');
855a854,856
>     // Define isSelected and borderStyle inside the block
>     const isSelected = true;  // Force handles to always show
>     const borderStyle = isSelected ? `3px solid ${COLORS.primary}` : 'none';
882c883
<         {/* Unconditional resize handles */}
---
>         {/* Unconditional resize handles – always visible */}
📦 Building frontend...
npm warn Unknown global config "python". This will stop working in the next major version of npm. See `npm help npmrc` for supported config options.

> mr-douglas-gallery@0.0.0 build
> tsc && vite build

vite v5.4.21 building for production...
transforming...
✓ 725 modules transformed.
rendering chunks...
computing gzip size...
dist/index.html                     0.71 kB │ gzip:   0.39 kB
dist/assets/index-CGwidwU3.css      0.15 kB │ gzip:   0.15 kB
dist/assets/index-Dc7c36vs.js   1,303.68 kB │ gzip: 358.45 kB

(!) Some chunks are larger than 500 kB after minification. Consider:
- Using dynamic import() to code-split the application
- Use build.rollupOptions.output.manualChunks to improve chunking: https://rollupjs.org/configuration-options/#output-manualchunks
- Adjust chunk size limit for this warning via build.chunkSizeWarningLimit.
✓ built in 12.10s
📂 Deploying...
time="2026-07-29T19:39:30-04:00" level=warning msg="/home/owner/Documents/mrdouglas.org/mr-douglas-gallery/backend/docker-compose.yml: the attribute `version` is obsolete, it will be ignored, please remove it to avoid potential confusion"
 Container backend-backend-1 Stopping 
 Container backend-backend-1 Stopped 
 Container backend-backend-1 Removing 
 Container backend-backend-1 Removed 
 Network backend_default Removing 
 Network backend_default Removed 
time="2026-07-29T19:39:44-04:00" level=warning msg="/home/owner/Documents/mrdouglas.org/mr-douglas-gallery/backend/docker-compose.yml: the attribute `version` is obsolete, it will be ignored, please remove it to avoid potential confusion"
 Network backend_default Creating 
 Network backend_default Created 
 Container backend-backend-1 Creating 
 Container backend-backend-1 Created 
 Container backend-backend-1 Starting 
 Container backend-backend-1 Started 
